// Jest Snapshot v1, https://goo.gl/fbAQLP

exports[`components/action_button/ActionButton should render the action name and carry its ids 1`] = `
<DocumentFragment>
  <button
    class="sc-bdvwhi feigpc btn btn-sm"
    data-action-id="action_id1"
  >
    mockMessageHtmlToComponent(mockFormatText(action_name))
  </button>
</DocumentFragment>
`;
