// Jest Snapshot v1, https://goo.gl/fbAQLP

exports[`components/admin_settings/DefaultSetting should render the title and label 1`] = `
<DocumentFragment>
  <div
    class="row"
  >
    <div
      class="col-xs-12 col-sm-4"
      style="margin-top: 6px;"
    >
      <strong>
        test title
      </strong>
    </div>
    <div
      class="col-xs-12 col-sm-8"
    >
      <div
        class="checkbox"
      >
        <label>
          <input
            type="checkbox"
          />
          <span>
            test label
          </span>
        </label>
      </div>
    </div>
  </div>
</DocumentFragment>
`;
