// Jest Snapshot v1, https://goo.gl/fbAQLP

exports[`components/admin_settings/DefaultSettings should render one setting per poll default 1`] = `
<DocumentFragment>
  <div>
    <div
      class="row"
    >
      <div
        class="col-xs-12 col-sm-4"
        style="margin-top: 6px;"
      >
        <strong>
          Anonymous
        </strong>
      </div>
      <div
        class="col-xs-12 col-sm-8"
      >
        <div
          class="checkbox"
        >
          <label>
            <input
              type="checkbox"
            />
            <span>
              Don't show who voted for what when the poll ends
            </span>
          </label>
        </div>
      </div>
    </div>
    <div
      class="row"
    >
      <div
        class="col-xs-12 col-sm-4"
        style="margin-top: 6px;"
      >
        <strong>
          Anonymous Creator
        </strong>
      </div>
      <div
        class="col-xs-12 col-sm-8"
      >
        <div
          class="checkbox"
        >
          <label>
            <input
              checked=""
              type="checkbox"
            />
            <span>
              Don't show author of the poll
            </span>
          </label>
        </div>
      </div>
    </div>
    <div
      class="row"
    >
      <div
        class="col-xs-12 col-sm-4"
        style="margin-top: 6px;"
      >
        <strong>
          Progress
        </strong>
      </div>
      <div
        class="col-xs-12 col-sm-8"
      >
        <div
          class="checkbox"
        >
          <label>
            <input
              type="checkbox"
            />
            <span>
              During the poll, show how many votes each answer option got
            </span>
          </label>
        </div>
      </div>
    </div>
    <div
      class="row"
    >
      <div
        class="col-xs-12 col-sm-4"
        style="margin-top: 6px;"
      >
        <strong>
          Public Add Option
        </strong>
      </div>
      <div
        class="col-xs-12 col-sm-8"
      >
        <div
          class="checkbox"
        >
          <label>
            <input
              checked=""
              type="checkbox"
            />
            <span>
              Allow all users to add additional options
            </span>
          </label>
        </div>
      </div>
    </div>
  </div>
</DocumentFragment>
`;
