// Jest Snapshot v1, https://goo.gl/fbAQLP

exports[`components/post_type/PostType should render the author, title and text of the first attachment 1`] = `
<DocumentFragment>
  <div
    class="attachment"
  >
    <div
      class="attachment__content"
    >
      <div
        class="clearfix attachment__container"
      >
        <span
          class="attachment__author-name"
        >
          sample_name
        </span>
        <h1
          class="attachment__title"
        >
          mockMessageHtmlToComponent(mockFormatText(sample_title))
        </h1>
        <div>
          <div
            class="attachment__body attachment__body--no_thumb"
          >
            mockMessageHtmlToComponent(mockFormatText(sample_text))
            <div
              data-testid="action-view"
            >
              sample_title
            </div>
          </div>
          <div
            style="clear: both;"
          />
        </div>
      </div>
    </div>
  </div>
</DocumentFragment>
`;
