// Jest Snapshot v1, https://goo.gl/fbAQLP

exports[`components/post_type/action_view/ActionView should hide the management and add-option buttons without permission 1`] = `
<DocumentFragment>
  <div>
    <div
      class="attachment-actions"
    >
      <button
        data-has-voted="true"
        data-testid="action_id1"
      >
        answer1
      </button>
      <button
        data-has-voted="true"
        data-testid="action_id2"
      >
        answer2
      </button>
      <button
        data-has-voted="false"
        data-testid="action_id3"
      >
        answer3
      </button>
      <button
        data-has-voted="false"
        data-testid="resetVote"
      >
        Reset Your Vote
      </button>
    </div>
    <div
      class="attachment-actions"
    />
  </div>
</DocumentFragment>
`;
